Microsoft Windows [Version 10.0.10586]
(c) 2015 Microsoft Corporation. All rights reserved.

C:\Users\BigDy>cd Desktop

C:\Users\BigDy\Desktop>cd DojoAssignments

C:\Users\BigDy\Desktop\DojoAssignments>git init
Initialized empty Git repository in C:/Users/BigDy/Desktop/DojoAssignments/.git/

C:\Users\BigDy\Desktop\DojoAssignments>git add
Nothing specified, nothing added.
Maybe you wanted to say 'git add .'?

C:\Users\BigDy\Desktop\DojoAssignments>git add .

C:\Users\BigDy\Desktop\DojoAssignments>git commit -m "GitHub"
[master (root-commit) c612f9f] GitHub
 12 files changed, 22 insertions(+)
 create mode 100644 MEAN/about.txt
 create mode 100644 Python/about.txt
 create mode 100644 Ruby/about.txt
 create mode 100644 WebFundamentals/CSS/about.txt
 create mode 100644 WebFundamentals/Git/about.txt
 create mode 100644 WebFundamentals/Git/assignments.txt
 create mode 100644 WebFundamentals/HTML/about.txt
 create mode 100644 WebFundamentals/HTML/indentation.html
 create mode 100644 WebFundamentals/Javascript/about.txt
 create mode 100644 WebFundamentals/about.txt
 create mode 100644 iOS/about.txt
 create mode 100644 netCore/about.txt

C:\Users\BigDy\Desktop\DojoAssignments>git remote add origin https://github.com/Killasuarus/DojoAssignments.git

C:\Users\BigDy\Desktop\DojoAssignments>git push -u origin master
Logon failed, use ctrl+c to cancel basic credential prompt.
Username for 'https://github.com/': ^C
C:\Users\BigDy\Desktop\DojoAssignments>git push -u origin master
Counting objects: 8, done.
Delta compression using up to 4 threads.
Compressing objects: 100% (6/6), done.
Writing objects: 100% (8/8), 822 bytes | 0 bytes/s, done.
Total 8 (delta 0), reused 0 (delta 0)
Branch master set up to track remote branch master from origin.
To https://github.com/Killasuarus/DojoAssignments.git
 * [new branch]      master -> master

C:\Users\BigDy\Desktop\DojoAssignments>copy nul readme.md
        1 file(s) copied.

C:\Users\BigDy\Desktop\DojoAssignments>git status
On branch master
Your branch is up-to-date with 'origin/master'.
Untracked files:
  (use "git add <file>..." to include in what will be committed)

        readme.md

nothing added to commit but untracked files present (use "git add" to track)

C:\Users\BigDy\Desktop\DojoAssignments>git add .

C:\Users\BigDy\Desktop\DojoAssignments>git commit -m "status check"
[master 7998ca7] status check
 1 file changed, 0 insertions(+), 0 deletions(-)
 create mode 100644 readme.md

C:\Users\BigDy\Desktop\DojoAssignments>copy nul DojoAssignmentRepo.txt
        1 file(s) copied.

C:\Users\BigDy\Desktop\DojoAssignments>git status
On branch master
Your branch is ahead of 'origin/master' by 1 commit.
  (use "git push" to publish your local commits)
Untracked files:
  (use "git add <file>..." to include in what will be committed)

        DojoAssignmentRepo.txt

nothing added to commit but untracked files present (use "git add" to track)

C:\Users\BigDy\Desktop\DojoAssignments>git add .

C:\Users\BigDy\Desktop\DojoAssignments>git commit -m "Repo"
[master 7c43e2b] Repo
 1 file changed, 68 insertions(+)
 create mode 100644 DojoAssignmentRepo.txt

C:\Users\BigDy\Desktop\DojoAssignments>git remote add origin https://github.com/Killasuarus/DojoAssignments.git
fatal: remote origin already exists.

C:\Users\BigDy\Desktop\DojoAssignments>git push -u origin master
Counting objects: 5, done.
Delta compression using up to 4 threads.
Compressing objects: 100% (5/5), done.
Writing objects: 100% (5/5), 1.34 KiB | 0 bytes/s, done.
Total 5 (delta 2), reused 0 (delta 0)
remote: Resolving deltas: 100% (2/2), completed with 1 local objects.
Branch master set up to track remote branch master from origin.
To https://github.com/Killasuarus/DojoAssignments.git
   c612f9f..7c43e2b  master -> master

C:\Users\BigDy\Desktop\DojoAssignments>